A simple test: can we read a perfectly ordinary document?

Hello, World!
