Can we read a simple directive?

Hello, I am Fred  .
