Let's see if embedded evaluation (and some odd spacing) works...

Hello, her 
dog