How about ifeq?

Fish 

Fish = Soup
And Fish = soup


Soup 
